[www.joanbosch.tv/index.html]
[backblue.gif]
[fade.gif]
[index.html]
[www.joanbosch.tv/wp-content/themes/joanbosch/css/bootstrap.min.css]
[www.joanbosch.tv/wp-content/cache/min/1/wp-content/themes/joanbosch/css/slick-e3ce2e9236d346afd105fd1c6a21acd5.css]
[www.joanbosch.tv/wp-content/cache/min/1/wp-content/themes/joanbosch/style-206b74d9dc70c4e3f9cb15227bdf4494.css]
[www.joanbosch.tv/wp-content/plugins/page-transition/css/animsition.min4e44.css]
[www.joanbosch.tv/wp-includes/js/jquery/jquery-migrate.min330a.js]
[www.joanbosch.tv/wp-content/plugins/page-transition/js/jquery.animsition.min4e44.js]
[www.joanbosch.tv/wp-content/themes/joanbosch/img/favicon/apple-icon-57x57.png]
[www.joanbosch.tv/wp-content/themes/joanbosch/img/favicon/apple-icon-60x60.png]
[www.joanbosch.tv/wp-content/themes/joanbosch/img/favicon/apple-icon-72x72.png]
[www.joanbosch.tv/wp-includes/js/jquery/jqueryb8ff.js]
[www.joanbosch.tv/wp-content/themes/joanbosch/img/favicon/apple-icon-76x76.png]
[www.joanbosch.tv/wp-content/themes/joanbosch/img/favicon/apple-icon-114x114.png]
[www.joanbosch.tv/wp-json/index.html]
[www.joanbosch.tv/wp-content/themes/joanbosch/img/favicon/apple-icon-120x120.png]
[www.joanbosch.tv/wp-content/themes/joanbosch/img/favicon/apple-icon-144x144.png]
[www.joanbosch.tv/wp-content/themes/joanbosch/img/favicon/apple-icon-152x152.png]
[www.joanbosch.tv/wp-content/themes/joanbosch/img/favicon/apple-icon-180x180.png]
[www.joanbosch.tv/wp-content/themes/joanbosch/img/favicon/android-icon-192x192.png]
[www.joanbosch.tv/wp-content/themes/joanbosch/img/favicon/favicon-32x32.png]
[www.joanbosch.tv/wp-content/themes/joanbosch/img/favicon/favicon-96x96.png]
[www.joanbosch.tv/wp-content/themes/joanbosch/img/favicon/favicon-16x16.png]
[www.joanbosch.tv/wp-content/themes/joanbosch/img/favicon/manifest.json]
[www.google-analytics.com/analytics.js]
[www.joanbosch.tv/wp-content/themes/joanbosch/img/animacion-jb.gif]
[www.joanbosch.tv/wp-content/themes/joanbosch/img/toggle.svg]
[www.joanbosch.tv/wp-content/themes/joanbosch/img/toggle_white.svg]
[www.joanbosch.tv/wp-content/themes/joanbosch/img/close.svg]
[www.joanbosch.tv/wp-content/themes/joanbosch/img/logo.svg]
[www.joanbosch.tv/wp-content/themes/joanbosch/img/logo_v.svg]
[www.joanbosch.tv/wp-content/uploads/2019/02/portada-x-web-300x168.jpg]
[www.joanbosch.tv/wp-content/uploads/2018/07/1-300x128.png]
[www.joanbosch.tv/life-while-traveling/index.html]
[www.joanbosch.tv/wp-content/uploads/2018/09/Captura-de-pantalla-2018-09-03-a-les-19.24.30-300x167.png]
[www.joanbosch.tv/wp-content/uploads/2018/01/long-distance-300x188.jpg]
[www.joanbosch.tv/manifesto/index.html]
[www.joanbosch.tv/escupe-fuego/index.html]
[www.joanbosch.tv/wp-content/uploads/2018/06/Captura-de-pantalla-2018-06-11-a-les-15.18.46-300x126.png]
[www.joanbosch.tv/long-distance/index.html]
[www.joanbosch.tv/contra-la-violencia-en-el-futbol/index.html]
[www.joanbosch.tv/wp-content/uploads/2018/03/Captura-de-pantalla-2018-03-13-a-les-13.40.11-300x256.png]
[www.joanbosch.tv/brand-new-thing/index.html]
[www.joanbosch.tv/wp-content/uploads/2018/02/Captura-de-pantalla-2018-02-25-a-les-13.04.00-300x168.png]
[www.joanbosch.tv/pidete-mas-ti/index.html]
[www.joanbosch.tv/wp-content/uploads/2018/10/1-300x168.png]
[www.joanbosch.tv/conoce-tu-cultura-mejora-tu-futuro/index.html]
[www.joanbosch.tv/wp-content/uploads/2017/04/Captura-de-pantalla-2017-05-10-a-les-19.37.31-300x168.jpg]
[www.joanbosch.tv/homesick/index.html]
[www.joanbosch.tv/wp-content/uploads/2018/04/Captura-de-pantalla-2018-04-20-a-les-14.38.32-300x125.png]
[www.joanbosch.tv/nube/index.html]
[www.joanbosch.tv/wp-content/uploads/2017/04/fdasaaa-1-300x100.jpg]
[www.joanbosch.tv/isla-desierta/index.html]
[www.joanbosch.tv/wp-content/uploads/2017/04/1111-1-300x169.jpg]
[www.joanbosch.tv/wp-content/uploads/2018/04/Captura-de-pantalla-2018-04-23-a-les-18.31.20-300x126.png]
[www.joanbosch.tv/delilium/index.html]
[www.joanbosch.tv/aficion-dc/index.html]
[www.joanbosch.tv/wp-content/uploads/2017/04/Captura-de-pantalla-2017-04-29-a-les-15.32.08-copy-1-300x126.jpg]
[www.joanbosch.tv/cold-dark-lonely/index.html]
[www.joanbosch.tv/wp-content/uploads/2017/04/ldweifdsa-1-300x149.jpg]
[www.joanbosch.tv/wp-content/uploads/2017/04/jfoasdasdfasfasd-1-300x126.jpg]
[www.joanbosch.tv/cheating/index.html]
[www.joanbosch.tv/wp-content/uploads/2018/11/nars-copy-300x168.jpg]
[www.joanbosch.tv/nathy-peluso/index.html]
[www.joanbosch.tv/les-coses/index.html]
[www.joanbosch.tv/wp-content/uploads/2019/02/portada-x-web-1024x572.jpg]
[www.joanbosch.tv/wp-content/uploads/2018/07/1-1024x435.png]
[www.joanbosch.tv/wp-content/uploads/2018/09/Captura-de-pantalla-2018-09-03-a-les-19.24.30-1024x569.png]
[www.joanbosch.tv/wp-content/uploads/2018/01/long-distance-1024x640.jpg]
[www.joanbosch.tv/wp-content/uploads/2018/06/Captura-de-pantalla-2018-06-11-a-les-15.18.46-1024x431.png]
[www.joanbosch.tv/wp-content/uploads/2018/03/Captura-de-pantalla-2018-03-13-a-les-13.40.11-1024x875.png]
[www.joanbosch.tv/wp-content/uploads/2018/02/Captura-de-pantalla-2018-02-25-a-les-13.04.00-1024x574.png]
[www.joanbosch.tv/wp-content/uploads/2018/10/1-1024x574.png]
[www.joanbosch.tv/wp-content/uploads/2017/04/Captura-de-pantalla-2017-05-10-a-les-19.37.31-1024x573.jpg]
[www.joanbosch.tv/wp-content/uploads/2018/04/Captura-de-pantalla-2018-04-20-a-les-14.38.32-1024x427.png]
[www.joanbosch.tv/wp-content/uploads/2017/04/fdasaaa-1-1024x341.jpg]
[www.joanbosch.tv/wp-content/uploads/2017/04/1111-1-1024x576.jpg]
[www.joanbosch.tv/wp-content/uploads/2018/04/Captura-de-pantalla-2018-04-23-a-les-18.31.20-1024x429.png]
[www.joanbosch.tv/wp-content/uploads/2017/04/Captura-de-pantalla-2017-04-29-a-les-15.32.08-copy-1-1024x429.jpg]
[www.joanbosch.tv/wp-content/uploads/2017/04/ldweifdsa-1-1024x510.jpg]
[www.joanbosch.tv/wp-content/uploads/2017/04/jfoasdasdfasfasd-1-1024x430.jpg]
[www.joanbosch.tv/wp-content/uploads/2018/11/nars-copy-1024x574.jpg]
[www.joanbosch.tv/wp-content/themes/joanbosch/js/modernizr-2.6.2-respond-1.1.0.min.js]
[www.joanbosch.tv/wp-content/themes/joanbosch/js/main.js]
[www.joanbosch.tv/wp-includes/js/wp-embed.min8e83.js]
[www.joanbosch.tv/index.html]
[www.joanbosch.tv/wp-content/themes/joanbosch/js/slick.min.js]
[www.joanbosch.tv/wp-content/themes/joanbosch/css/bootstrap.min.css]
[www.joanbosch.tv/wp-content/cache/min/1/wp-content/themes/joanbosch/css/slick-e3ce2e9236d346afd105fd1c6a21acd5.css]
[www.joanbosch.tv/wp-content/themes/joanbosch/fonts/AtlasGrotesk-Regular.eot]
[www.joanbosch.tv/wp-content/themes/joanbosch/fonts/AtlasGrotesk-Regulard41d.eot]
[www.joanbosch.tv/wp-content/themes/joanbosch/fonts/AtlasGrotesk-Regular.woff]
[www.joanbosch.tv/wp-content/themes/joanbosch/fonts/AtlasGrotesk-Regular.svg]
[www.joanbosch.tv/wp-content/themes/joanbosch/fonts/AtlasGrotesk-Medium.eot]
[www.joanbosch.tv/wp-content/themes/joanbosch/fonts/AtlasGrotesk-Regular.ttf]
[www.joanbosch.tv/wp-content/themes/joanbosch/fonts/AtlasGrotesk-Medium.woff]
[www.joanbosch.tv/wp-content/themes/joanbosch/fonts/AtlasGrotesk-Mediumd41d.eot]
[www.joanbosch.tv/wp-content/themes/joanbosch/fonts/AtlasGrotesk-Medium.svg]
[www.joanbosch.tv/wp-content/themes/joanbosch/fonts/AtlasGrotesk-Medium.ttf]
[www.joanbosch.tv/wp-content/themes/joanbosch/fonts/ACaslonPro-Regular.eot]
[www.joanbosch.tv/wp-content/themes/joanbosch/fonts/ACaslonPro-Regular.svg]
[www.joanbosch.tv/wp-content/themes/joanbosch/fonts/ACaslonPro-Regulard41d.eot]
[www.joanbosch.tv/wp-content/themes/joanbosch/img/cursor_rojo.png]
[www.joanbosch.tv/wp-content/themes/joanbosch/img/cursor_negro.png]
[www.joanbosch.tv/wp-content/themes/joanbosch/img/prev.svg]
[www.joanbosch.tv/wp-content/themes/joanbosch/img/next.svg]
[www.joanbosch.tv/wp-content/cache/min/1/wp-content/themes/joanbosch/style-206b74d9dc70c4e3f9cb15227bdf4494.css]
[www.joanbosch.tv/wp-content/plugins/page-transition/css/animsition.min4e44.css]
[www.joanbosch.tv/wp-content/themes/joanbosch/img/toggle.svg]
[www.joanbosch.tv/wp-content/themes/joanbosch/img/toggle_white.svg]
[www.joanbosch.tv/wp-content/themes/joanbosch/img/close.svg]
[www.joanbosch.tv/wp-content/themes/joanbosch/img/logo.svg]
[www.joanbosch.tv/wp-content/themes/joanbosch/img/logo_v.svg]
[www.joanbosch.tv/wp-json/oembed/1.0/embed29e4.json]
[www.joanbosch.tv/life-while-traveling/index.html]
[www.joanbosch.tv/wp-json/oembed/1.0/embed8552]
[www.joanbosch.tv/wp-json/oembed/1.0/embed585a.json]
[www.joanbosch.tv/manifesto/index.html]
[www.joanbosch.tv/wp-json/oembed/1.0/embed65ef]
[www.joanbosch.tv/wp-json/oembed/1.0/embed6e65.json]
[www.joanbosch.tv/escupe-fuego/index.html]
[www.joanbosch.tv/wp-json/oembed/1.0/embed484b]
[www.joanbosch.tv/wp-content/themes/joanbosch/fonts/ACaslonPro-Regular.woff]
[www.joanbosch.tv/wp-json/oembed/1.0/embeddc0f.json]
[www.joanbosch.tv/long-distance/index.html]
[www.joanbosch.tv/wp-json/oembed/1.0/embed2427]
[www.joanbosch.tv/wp-json/oembed/1.0/embed10e2.json]
[www.joanbosch.tv/contra-la-violencia-en-el-futbol/index.html]
[www.joanbosch.tv/wp-json/oembed/1.0/embed39cc]
[www.joanbosch.tv/wp-json/oembed/1.0/embedb7e1.json]
[www.joanbosch.tv/brand-new-thing/index.html]
[www.joanbosch.tv/wp-json/oembed/1.0/embedad66]
[www.joanbosch.tv/wp-json/oembed/1.0/embedb2f6.json]
[www.joanbosch.tv/pidete-mas-ti/index.html]
[www.joanbosch.tv/wp-json/oembed/1.0/embedb020]
[www.joanbosch.tv/wp-content/themes/joanbosch/fonts/ACaslonPro-Regular.ttf]
[www.joanbosch.tv/wp-json/oembed/1.0/embedbc12.json]
[www.joanbosch.tv/conoce-tu-cultura-mejora-tu-futuro/index.html]
[www.joanbosch.tv/wp-json/oembed/1.0/embed5911]
[www.joanbosch.tv/wp-json/oembed/1.0/embede728.json]
[www.joanbosch.tv/homesick/index.html]
[www.joanbosch.tv/wp-json/oembed/1.0/embedf30d]
[www.joanbosch.tv/wp-json/oembed/1.0/embed56cb.json]
[www.joanbosch.tv/nube/index.html]
[www.joanbosch.tv/wp-json/oembed/1.0/embed43ab]
[www.joanbosch.tv/wp-json/oembed/1.0/embedf247.json]
[www.joanbosch.tv/isla-desierta/index.html]
[www.joanbosch.tv/wp-json/oembed/1.0/embed8459]
[www.joanbosch.tv/wp-json/oembed/1.0/embed189f.json]
[www.joanbosch.tv/delilium/index.html]
[www.joanbosch.tv/wp-json/oembed/1.0/embedd136]
[www.joanbosch.tv/wp-json/oembed/1.0/embed1955.json]
[www.joanbosch.tv/aficion-dc/index.html]
[www.joanbosch.tv/wp-json/oembed/1.0/embed1eea]
[www.joanbosch.tv/wp-json/oembed/1.0/embed3c5d.json]
[www.joanbosch.tv/cold-dark-lonely/index.html]
[www.joanbosch.tv/wp-json/oembed/1.0/embed20d9]
[www.joanbosch.tv/wp-json/oembed/1.0/embed9b56.json]
[www.joanbosch.tv/cheating/index.html]
[www.joanbosch.tv/wp-json/oembed/1.0/embedf4df]
[www.joanbosch.tv/wp-json/oembed/1.0/embed959f.json]
[www.joanbosch.tv/les-coses/index.html]
[www.joanbosch.tv/wp-json/oembed/1.0/embed9a16]
[www.joanbosch.tv/wp-json/oembed/1.0/embeda954.json]
[www.joanbosch.tv/nathy-peluso/index.html]
[www.joanbosch.tv/wp-json/oembed/1.0/embed75ea]
[www.joanbosch.tv/wp-content/themes/joanbosch/fonts/AtlasGrotesk-Regular.svg]
[www.joanbosch.tv/wp-content/themes/joanbosch/fonts/AtlasGrotesk-Medium.svg]
[www.joanbosch.tv/wp-content/themes/joanbosch/fonts/ACaslonPro-Regular.svg]
[www.joanbosch.tv/wp-content/themes/joanbosch/img/prev.svg]
[www.joanbosch.tv/wp-content/themes/joanbosch/img/next.svg]
